// Jest Snapshot v1, https://goo.gl/fbAQLP

exports[`<MainApp /> renders correctly 1`] = `
<section
  className="MainApp-root"
  id="page-container"
>
  <HeaderMenu />
  <Connect(PaginationApp) />
  <Switch>
    <Route
      path="/topstories"
    >
      <Connect(TopStoriesContainer) />
    </Route>
    <Route
      path="/newstories"
    >
      <Connect(NewStoriesContainer) />
    </Route>
    <Route
      path="/"
    >
      <Connect(TopStoriesContainer) />
    </Route>
  </Switch>
</section>
`;
